------------------------------------------------------------
Timing Analyzer Summary
------------------------------------------------------------

Type  : Slow 1100mV 85C Model Setup 'clk'
Slack : -3.276
TNS   : -1222.624

Type  : Slow 1100mV 85C Model Hold 'clk'
Slack : 0.217
TNS   : 0.000

Type  : Slow 1100mV 85C Model Minimum Pulse Width 'clk'
Slack : -2.225
TNS   : -1353.410

Type  : Slow 1100mV 0C Model Setup 'clk'
Slack : -3.427
TNS   : -1231.150

Type  : Slow 1100mV 0C Model Hold 'clk'
Slack : 0.194
TNS   : 0.000

Type  : Slow 1100mV 0C Model Minimum Pulse Width 'clk'
Slack : -2.225
TNS   : -1374.641

Type  : Fast 1100mV 85C Model Setup 'clk'
Slack : -1.667
TNS   : -617.997

Type  : Fast 1100mV 85C Model Hold 'clk'
Slack : 0.132
TNS   : 0.000

Type  : Fast 1100mV 85C Model Minimum Pulse Width 'clk'
Slack : -2.174
TNS   : -1020.214

Type  : Fast 1100mV 0C Model Setup 'clk'
Slack : -1.737
TNS   : -566.713

Type  : Fast 1100mV 0C Model Hold 'clk'
Slack : 0.120
TNS   : 0.000

Type  : Fast 1100mV 0C Model Minimum Pulse Width 'clk'
Slack : -2.174
TNS   : -1020.229

------------------------------------------------------------
